{"HostConfigHash":null,"CardHash":"fb3cd7c","Error":null}