{"HostConfigHash":null,"CardHash":"a5bcd3c","Error":null}