{"HostConfigHash":"569178d","CardHash":"fb3cd7c","Error":null}