{"HostConfigHash":"569178d","CardHash":"a5bcd3c","Error":null}